Archive member included to satisfy reference by file (symbol)

C:/ST/STM32CubeIDE_2.2.0/STM32CubeIDE/plugins/com.st.stm32cube.ide.mcu.externaltools.gnu-tools-for-stm32.14.3.rel1.win32_1.0.100.202602081740/tools/bin/../lib/gcc/arm-none-eabi/14.3.1/../../../../arm-none-eabi/lib/thumb/v7e-m+fp/hard\libc_nano.a(libc_a-exit.o)
                              C:/ST/STM32CubeIDE_2.2.0/STM32CubeIDE/plugins/com.st.stm32cube.ide.mcu.externaltools.gnu-tools-for-stm32.14.3.rel1.win32_1.0.100.202602081740/tools/bin/../lib/gcc/arm-none-eabi/14.3.1/../../../../arm-none-eabi/lib/thumb/v7e-m+fp/hard/crt0.o (exit)
C:/ST/STM32CubeIDE_2.2.0/STM32CubeIDE/plugins/com.st.stm32cube.ide.mcu.externaltools.gnu-tools-for-stm32.14.3.rel1.win32_1.0.100.202602081740/tools/bin/../lib/gcc/arm-none-eabi/14.3.1/../../../../arm-none-eabi/lib/thumb/v7e-m+fp/hard\libc_nano.a(libc_a-findfp.o)
                              C:/ST/STM32CubeIDE_2.2.0/STM32CubeIDE/plugins/com.st.stm32cube.ide.mcu.externaltools.gnu-tools-for-stm32.14.3.rel1.win32_1.0.100.202602081740/tools/bin/../lib/gcc/arm-none-eabi/14.3.1/../../../../arm-none-eabi/lib/thumb/v7e-m+fp/hard\libc_nano.a(libc_a-exit.o) (__stdio_exit_handler)
C:/ST/STM32CubeIDE_2.2.0/STM32CubeIDE/plugins/com.st.stm32cube.ide.mcu.externaltools.gnu-tools-for-stm32.14.3.rel1.win32_1.0.100.202602081740/tools/bin/../lib/gcc/arm-none-eabi/14.3.1/../../../../arm-none-eabi/lib/thumb/v7e-m+fp/hard\libc_nano.a(libc_a-fwalk.o)
                              C:/ST/STM32CubeIDE_2.2.0/STM32CubeIDE/plugins/com.st.stm32cube.ide.mcu.externaltools.gnu-tools-for-stm32.14.3.rel1.win32_1.0.100.202602081740/tools/bin/../lib/gcc/arm-none-eabi/14.3.1/../../../../arm-none-eabi/lib/thumb/v7e-m+fp/hard\libc_nano.a(libc_a-findfp.o) (_fwalk_sglue)
C:/ST/STM32CubeIDE_2.2.0/STM32CubeIDE/plugins/com.st.stm32cube.ide.mcu.externaltools.gnu-tools-for-stm32.14.3.rel1.win32_1.0.100.202602081740/tools/bin/../lib/gcc/arm-none-eabi/14.3.1/../../../../arm-none-eabi/lib/thumb/v7e-m+fp/hard\libc_nano.a(libc_a-stdio.o)
                              C:/ST/STM32CubeIDE_2.2.0/STM32CubeIDE/plugins/com.st.stm32cube.ide.mcu.externaltools.gnu-tools-for-stm32.14.3.rel1.win32_1.0.100.202602081740/tools/bin/../lib/gcc/arm-none-eabi/14.3.1/../../../../arm-none-eabi/lib/thumb/v7e-m+fp/hard\libc_nano.a(libc_a-findfp.o) (__sread)
C:/ST/STM32CubeIDE_2.2.0/STM32CubeIDE/plugins/com.st.stm32cube.ide.mcu.externaltools.gnu-tools-for-stm32.14.3.rel1.win32_1.0.100.202602081740/tools/bin/../lib/gcc/arm-none-eabi/14.3.1/../../../../arm-none-eabi/lib/thumb/v7e-m+fp/hard\libc_nano.a(libc_a-memset.o)
                              C:/ST/STM32CubeIDE_2.2.0/STM32CubeIDE/plugins/com.st.stm32cube.ide.mcu.externaltools.gnu-tools-for-stm32.14.3.rel1.win32_1.0.100.202602081740/tools/bin/../lib/gcc/arm-none-eabi/14.3.1/../../../../arm-none-eabi/lib/thumb/v7e-m+fp/hard/crt0.o (memset)
C:/ST/STM32CubeIDE_2.2.0/STM32CubeIDE/plugins/com.st.stm32cube.ide.mcu.externaltools.gnu-tools-for-stm32.14.3.rel1.win32_1.0.100.202602081740/tools/bin/../lib/gcc/arm-none-eabi/14.3.1/../../../../arm-none-eabi/lib/thumb/v7e-m+fp/hard\libc_nano.a(libc_a-closer.o)
                              C:/ST/STM32CubeIDE_2.2.0/STM32CubeIDE/plugins/com.st.stm32cube.ide.mcu.externaltools.gnu-tools-for-stm32.14.3.rel1.win32_1.0.100.202602081740/tools/bin/../lib/gcc/arm-none-eabi/14.3.1/../../../../arm-none-eabi/lib/thumb/v7e-m+fp/hard\libc_nano.a(libc_a-stdio.o) (_close_r)
C:/ST/STM32CubeIDE_2.2.0/STM32CubeIDE/plugins/com.st.stm32cube.ide.mcu.externaltools.gnu-tools-for-stm32.14.3.rel1.win32_1.0.100.202602081740/tools/bin/../lib/gcc/arm-none-eabi/14.3.1/../../../../arm-none-eabi/lib/thumb/v7e-m+fp/hard\libc_nano.a(libc_a-reent.o)
                              C:/ST/STM32CubeIDE_2.2.0/STM32CubeIDE/plugins/com.st.stm32cube.ide.mcu.externaltools.gnu-tools-for-stm32.14.3.rel1.win32_1.0.100.202602081740/tools/bin/../lib/gcc/arm-none-eabi/14.3.1/../../../../arm-none-eabi/lib/thumb/v7e-m+fp/hard\libc_nano.a(libc_a-closer.o) (errno)
C:/ST/STM32CubeIDE_2.2.0/STM32CubeIDE/plugins/com.st.stm32cube.ide.mcu.externaltools.gnu-tools-for-stm32.14.3.rel1.win32_1.0.100.202602081740/tools/bin/../lib/gcc/arm-none-eabi/14.3.1/../../../../arm-none-eabi/lib/thumb/v7e-m+fp/hard\libc_nano.a(libc_a-impure.o)
                              C:/ST/STM32CubeIDE_2.2.0/STM32CubeIDE/plugins/com.st.stm32cube.ide.mcu.externaltools.gnu-tools-for-stm32.14.3.rel1.win32_1.0.100.202602081740/tools/bin/../lib/gcc/arm-none-eabi/14.3.1/../../../../arm-none-eabi/lib/thumb/v7e-m+fp/hard\libc_nano.a(libc_a-reent.o) (_impure_ptr)
C:/ST/STM32CubeIDE_2.2.0/STM32CubeIDE/plugins/com.st.stm32cube.ide.mcu.externaltools.gnu-tools-for-stm32.14.3.rel1.win32_1.0.100.202602081740/tools/bin/../lib/gcc/arm-none-eabi/14.3.1/../../../../arm-none-eabi/lib/thumb/v7e-m+fp/hard\libc_nano.a(libc_a-lseekr.o)
[...]
Memory Configuration

Name             Origin             Length             Attributes
CCMRAM           0x10000000         0x00001000         xrw
RAM              0x20000000         0x00003000         xrw
FLASH            0x08000000         0x00010000         xr
*default*        0x00000000         0xffffffff

Linker script and memory map

LOAD C:/ST/STM32CubeIDE_2.2.0/STM32CubeIDE/plugins/com.st.stm32cube.ide.mcu.externaltools.gnu-tools-for-stm32.14.3.rel1.win32_1.0.100.202602081740/tools/bin/../lib/gcc/arm-none-eabi/14.3.1/thumb/v7e-m+fp/hard/crti.o
LOAD C:/ST/STM32CubeIDE_2.2.0/STM32CubeIDE/plugins/com.st.stm32cube.ide.mcu.externaltools.gnu-tools-for-stm32.14.3.rel1.win32_1.0.100.202602081740/tools/bin/../lib/gcc/arm-none-eabi/14.3.1/thumb/v7e-m+fp/hard/crtbegin.o
LOAD C:/ST/STM32CubeIDE_2.2.0/STM32CubeIDE/plugins/com.st.stm32cube.ide.mcu.externaltools.gnu-tools-for-stm32.14.3.rel1.win32_1.0.100.202602081740/tools/bin/../lib/gcc/arm-none-eabi/14.3.1/../../../../arm-none-eabi/lib/thumb/v7e-m+fp/hard/crt0.o
LOAD ./Core/Src/bootloader.o
LOAD ./Core/Src/flash_islemleri.o
LOAD ./Core/Src/main.o
LOAD ./Core/Src/stm32f3xx_hal_msp.o
LOAD ./Core/Src/stm32f3xx_it.o
LOAD ./Core/Src/syscalls.o
LOAD ./Core/Src/sysmem.o
LOAD ./Core/Src/system_stm32f3xx.o
LOAD ./Core/Startup/startup_stm32f303k8tx.o
LOAD ./Drivers/STM32F3xx_HAL_Driver/Src/stm32f3xx_hal.o
LOAD ./Drivers/STM32F3xx_HAL_Driver/Src/stm32f3xx_hal_cortex.o
LOAD ./Drivers/STM32F3xx_HAL_Driver/Src/stm32f3xx_hal_dma.o
LOAD ./Drivers/STM32F3xx_HAL_Driver/Src/stm32f3xx_hal_exti.o
LOAD ./Drivers/STM32F3xx_HAL_Driver/Src/stm32f3xx_hal_flash.o
LOAD ./Drivers/STM32F3xx_HAL_Driver/Src/stm32f3xx_hal_flash_ex.o
LOAD ./Drivers/STM32F3xx_HAL_Driver/Src/stm32f3xx_hal_gpio.o
LOAD ./Drivers/STM32F3xx_HAL_Driver/Src/stm32f3xx_hal_i2c.o
LOAD ./Drivers/STM32F3xx_HAL_Driver/Src/stm32f3xx_hal_i2c_ex.o
LOAD ./Drivers/STM32F3xx_HAL_Driver/Src/stm32f3xx_hal_pwr.o
LOAD ./Drivers/STM32F3xx_HAL_Driver/Src/stm32f3xx_hal_pwr_ex.o
LOAD ./Drivers/STM32F3xx_HAL_Driver/Src/stm32f3xx_hal_rcc.o
LOAD ./Drivers/STM32F3xx_HAL_Driver/Src/stm32f3xx_hal_rcc_ex.o
LOAD ./Drivers/STM32F3xx_HAL_Driver/Src/stm32f3xx_hal_uart.o
LOAD ./Drivers/STM32F3xx_HAL_Driver/Src/stm32f3xx_hal_uart_ex.o
START GROUP
LOAD C:/ST/STM32CubeIDE_2.2.0/STM32CubeIDE/plugins/com.st.stm32cube.ide.mcu.externaltools.gnu-tools-for-stm32.14.3.rel1.win32_1.0.100.202602081740/tools/bin/../lib/gcc/arm-none-eabi/14.3.1/../../../../arm-none-eabi/lib/thumb/v7e-m+fp/hard\libc_nano.a
LOAD C:/ST/STM32CubeIDE_2.2.0/STM32CubeIDE/plugins/com.st.stm32cube.ide.mcu.externaltools.gnu-tools-for-stm32.14.3.rel1.win32_1.0.100.202602081740/tools/bin/../lib/gcc/arm-none-eabi/14.3.1/../../../../arm-none-eabi/lib/thumb/v7e-m+fp/hard\libm.a
END GROUP
START GROUP
LOAD C:/ST/STM32CubeIDE_2.2.0/STM32CubeIDE/plugins/com.st.stm32cube.ide.mcu.externaltools.gnu-tools-for-stm32.14.3.rel1.win32_1.0.100.202602081740/tools/bin/../lib/gcc/arm-none-eabi/14.3.1/thumb/v7e-m+fp/hard\libgcc.a
LOAD C:/ST/STM32CubeIDE_2.2.0/STM32CubeIDE/plugins/com.st.stm32cube.ide.mcu.externaltools.gnu-tools-for-stm32.14.3.rel1.win32_1.0.100.202602081740/tools/bin/../lib/gcc/arm-none-eabi/14.3.1/../../../../arm-none-eabi/lib/thumb/v7e-m+fp/hard\libc_nano.a
END GROUP
START GROUP
LOAD C:/ST/STM32CubeIDE_2.2.0/STM32CubeIDE/plugins/com.st.stm32cube.ide.mcu.externaltools.gnu-tools-for-stm32.14.3.rel1.win32_1.0.100.202602081740/tools/bin/../lib/gcc/arm-none-eabi/14.3.1/thumb/v7e-m+fp/hard\libgcc.a
LOAD C:/ST/STM32CubeIDE_2.2.0/STM32CubeIDE/plugins/com.st.stm32cube.ide.mcu.externaltools.gnu-tools-for-stm32.14.3.rel1.win32_1.0.100.202602081740/tools/bin/../lib/gcc/arm-none-eabi/14.3.1/../../../../arm-none-eabi/lib/thumb/v7e-m+fp/hard\libc_nano.a
LOAD C:/ST/STM32CubeIDE_2.2.0/STM32CubeIDE/plugins/com.st.stm32cube.ide.mcu.externaltools.gnu-tools-for-stm32.14.3.rel1.win32_1.0.100.202602081740/tools/bin/../lib/gcc/arm-none-eabi/14.3.1/../../../../arm-none-eabi/lib/thumb/v7e-m+fp/hard\libnosys.a
END GROUP
START GROUP
LOAD C:/ST/STM32CubeIDE_2.2.0/STM32CubeIDE/plugins/com.st.stm32cube.ide.mcu.externaltools.gnu-tools-for-stm32.14.3.rel1.win32_1.0.100.202602081740/tools/bin/../lib/gcc/arm-none-eabi/14.3.1/thumb/v7e-m+fp/hard\libgcc.a
LOAD C:/ST/STM32CubeIDE_2.2.0/STM32CubeIDE/plugins/com.st.stm32cube.ide.mcu.externaltools.gnu-tools-for-stm32.14.3.rel1.win32_1.0.100.202602081740/tools/bin/../lib/gcc/arm-none-eabi/14.3.1/../../../../arm-none-eabi/lib/thumb/v7e-m+fp/hard\libc_nano.a
LOAD C:/ST/STM32CubeIDE_2.2.0/STM32CubeIDE/plugins/com.st.stm32cube.ide.mcu.externaltools.gnu-tools-for-stm32.14.3.rel1.win32_1.0.100.202602081740/tools/bin/../lib/gcc/arm-none-eabi/14.3.1/../../../../arm-none-eabi/lib/thumb/v7e-m+fp/hard\libnosys.a
END GROUP
LOAD C:/ST/STM32CubeIDE_2.2.0/STM32CubeIDE/plugins/com.st.stm32cube.ide.mcu.externaltools.gnu-tools-for-stm32.14.3.rel1.win32_1.0.100.202602081740/tools/bin/../lib/gcc/arm-none-eabi/14.3.1/thumb/v7e-m+fp/hard/crtend.o
LOAD C:/ST/STM32CubeIDE_2.2.0/STM32CubeIDE/plugins/com.st.stm32cube.ide.mcu.externaltools.gnu-tools-for-stm32.14.3.rel1.win32_1.0.100.202602081740/tools/bin/../lib/gcc/arm-none-eabi/14.3.1/thumb/v7e-m+fp/hard/crtn.o
                0x20003000                        _estack = (ORIGIN (RAM) + LENGTH (RAM))
                0x00000200                        _Min_Heap_Size = 0x200
                0x00000400                        _Min_Stack_Size = 0x400

.isr_vector     0x08000000      0x188
                0x08000000                        . = ALIGN (0x4)
 *(.isr_vector)
 .isr_vector    0x08000000      0x188 ./Core/Startup/startup_stm32f303k8tx.o
                0x08000000                g_pfnVectors
                0x08000188                        . = ALIGN (0x4)

.text           0x08000188     0x3398
                0x08000188                        . = ALIGN (0x4)
 *(.text)
 .text          0x08000188       0x40 C:/ST/STM32CubeIDE_2.2.0/STM32CubeIDE/plugins/com.st.stm32cube.ide.mcu.externaltools.gnu-tools-for-stm32.14.3.rel1.win32_1.0.100.202602081740/tools/bin/../lib/gcc/arm-none-eabi/14.3.1/thumb/v7e-m+fp/hard/crtbegin.o
 *(.text*)
 .text.Flash_Test
                0x080001c8       0x60 ./Core/Src/flash_islemleri.o
                0x080001c8                Flash_Test
 .text.main     0x08000228       0x1c ./Core/Src/main.o
                0x08000228                main
 .text.SystemClock_Config
                0x08000244       0xa4 ./Core/Src/main.o
                0x08000244                SystemClock_Config
 .text.MX_USART1_UART_Init
                0x080002e8       0x60 ./Core/Src/main.o
 .text.MX_GPIO_Init
                0x08000348       0x7c ./Core/Src/main.o
 .text.Error_Handler
                0x080003c4        0xc ./Core/Src/main.o
                0x080003c4                Error_Handler
 .text.HAL_MspInit
                0x080003d0       0x48 ./Core/Src/stm32f3xx_hal_msp.o
                0x080003d0                HAL_MspInit
 .text.HAL_UART_MspInit
                0x08000418       0x98 ./Core/Src/stm32f3xx_hal_msp.o
                0x08000418                HAL_UART_MspInit
 .text.NMI_Handler
                0x080004b0        0x8 ./Core/Src/stm32f3xx_it.o
                0x080004b0                NMI_Handler
 .text.HardFault_Handler
                0x080004b8        0x8 ./Core/Src/stm32f3xx_it.o
                0x080004b8                HardFault_Handler
 .text.MemManage_Handler
                0x080004c0        0x8 ./Core/Src/stm32f3xx_it.o
                0x080004c0                MemManage_Handler
 .text.BusFault_Handler
                0x080004c8        0x8 ./Core/Src/stm32f3xx_it.o
                0x080004c8                BusFault_Handler
 .text.UsageFault_Handler
                0x080004d0        0x8 ./Core/Src/stm32f3xx_it.o
                0x080004d0                UsageFault_Handler
 .text.SVC_Handler
                0x080004d8        0xe ./Core/Src/stm32f3xx_it.o
                0x080004d8                SVC_Handler
 .text.DebugMon_Handler
                0x080004e6        0xe ./Core/Src/stm32f3xx_it.o
                0x080004e6                DebugMon_Handler
 .text.PendSV_Handler
                0x080004f4        0xe ./Core/Src/stm32f3xx_it.o
                0x080004f4                PendSV_Handler
 .text.SysTick_Handler
                0x08000502        0xc ./Core/Src/stm32f3xx_it.o
                0x08000502                SysTick_Handler
 *fill*         0x0800050e        0x2 
 .text.USART1_IRQHandler
                0x08000510       0x14 ./Core/Src/stm32f3xx_it.o
                0x08000510                USART1_IRQHandler
 .text.SystemInit
                0x08000524       0x24 ./Core/Src/system_stm32f3xx.o
                0x08000524                SystemInit
 .text.Reset_Handler
                0x08000548       0x50 ./Core/Startup/startup_stm32f303k8tx.o
                0x08000548                Reset_Handler
 .text.Default_Handler
                0x08000598        0x2 ./Core/Startup/startup_stm32f303k8tx.o
                0x08000598                RTC_Alarm_IRQHandler
                0x08000598                TIM1_CC_IRQHandler
                0x08000598                PVD_IRQHandler
                0x08000598                TAMP_STAMP_IRQHandler
                0x08000598                EXTI3_IRQHandler
                0x08000598                EXTI0_IRQHandler
                0x08000598                FPU_IRQHandler
                0x08000598                CAN_TX_IRQHandler
                0x08000598                TIM1_UP_TIM16_IRQHandler
                0x08000598                ADC1_2_IRQHandler
                0x08000598                SPI1_IRQHandler
                0x08000598                CAN_SCE_IRQHandler
                0x08000598                DMA1_Channel4_IRQHandler
                0x08000598                USART3_IRQHandler
                0x08000598                DMA1_Channel7_IRQHandler
                0x08000598                TIM7_DAC2_IRQHandler
                0x08000598                CAN_RX1_IRQHandler
                0x08000598                I2C1_EV_IRQHandler
                0x08000598                DMA1_Channel6_IRQHandler
                0x08000598                TIM3_IRQHandler
                0x08000598                RCC_IRQHandler
                0x08000598                DMA1_Channel1_IRQHandler
                0x08000598                Default_Handler
                0x08000598                EXTI15_10_IRQHandler
                0x08000598                COMP2_IRQHandler
                0x08000598                TIM6_DAC1_IRQHandler
                0x08000598                EXTI9_5_IRQHandler
                0x08000598                RTC_WKUP_IRQHandler
                0x08000598                DMA1_Channel5_IRQHandler
                0x08000598                EXTI4_IRQHandler
                0x08000598                TIM1_TRG_COM_TIM17_IRQHandler
                0x08000598                DMA1_Channel3_IRQHandler
                0x08000598                WWDG_IRQHandler
                0x08000598                TIM2_IRQHandler
                0x08000598                EXTI1_IRQHandler
                0x08000598                COMP4_6_IRQHandler
                0x08000598                USART2_IRQHandler
                0x08000598                DMA1_Channel2_IRQHandler
                0x08000598                FLASH_IRQHandler
                0x08000598                CAN_RX0_IRQHandler
                0x08000598                I2C1_ER_IRQHandler
                0x08000598                EXTI2_TSC_IRQHandler
                0x08000598                TIM1_BRK_TIM15_IRQHandler
 *fill*         0x0800059a        0x2 
 .text.HAL_Init
                0x0800059c       0x2c ./Drivers/STM32F3xx_HAL_Driver/Src/stm32f3xx_hal.o
                0x0800059c                HAL_Init
 .text.HAL_InitTick
                0x080005c8       0x60 ./Drivers/STM32F3xx_HAL_Driver/Src/stm32f3xx_hal.o
                0x080005c8                HAL_InitTick
 .text.HAL_IncTick
                0x08000628       0x28 ./Drivers/STM32F3xx_HAL_Driver/Src/stm32f3xx_hal.o
                0x08000628                HAL_IncTick
 .text.HAL_GetTick
                0x08000650       0x18 ./Drivers/STM32F3xx_HAL_Driver/Src/stm32f3xx_hal.o
                0x08000650                HAL_GetTick
 .text.__NVIC_SetPriorityGrouping
                0x08000668       0x48 ./Drivers/STM32F3xx_HAL_Driver/Src/stm32f3xx_hal_cortex.o
 .text.__NVIC_GetPriorityGrouping
                0x080006b0       0x1c ./Drivers/STM32F3xx_HAL_Driver/Src/stm32f3xx_hal_cortex.o
 .text.__NVIC_EnableIRQ
                0x080006cc       0x3c ./Drivers/STM32F3xx_HAL_Driver/Src/stm32f3xx_hal_cortex.o
 .text.__NVIC_SetPriority
                0x08000708       0x54 ./Drivers/STM32F3xx_HAL_Driver/Src/stm32f3xx_hal_cortex.o
 .text.NVIC_EncodePriority
                0x0800075c       0x66 ./Drivers/STM32F3xx_HAL_Driver/Src/stm32f3xx_hal_cortex.o
 *fill*         0x080007c2        0x2 
 .text.SysTick_Config
                0x080007c4       0x44 ./Drivers/STM32F3xx_HAL_Driver/Src/stm32f3xx_hal_cortex.o
 .text.HAL_NVIC_SetPriorityGrouping
                0x08000808       0x16 ./Drivers/STM32F3xx_HAL_Driver/Src/stm32f3xx_hal_cortex.o
                0x08000808                HAL_NVIC_SetPriorityGrouping
 .text.HAL_NVIC_SetPriority
                0x0800081e       0x38 ./Drivers/STM32F3xx_HAL_Driver/Src/stm32f3xx_hal_cortex.o
                0x0800081e                HAL_NVIC_SetPriority
 .text.HAL_NVIC_EnableIRQ
                0x08000856       0x1c ./Drivers/STM32F3xx_HAL_Driver/Src/stm32f3xx_hal_cortex.o
                0x08000856                HAL_NVIC_EnableIRQ
 .text.HAL_SYSTICK_Config
                0x08000872       0x18 ./Drivers/STM32F3xx_HAL_Driver/Src/stm32f3xx_hal_cortex.o
                0x08000872                HAL_SYSTICK_Config
 .text.HAL_DMA_Abort
                0x0800088a       0x7c ./Drivers/STM32F3xx_HAL_Driver/Src/stm32f3xx_hal_dma.o
                0x0800088a                HAL_DMA_Abort
 .text.HAL_DMA_Abort_IT
                0x08000906       0x7c ./Drivers/STM32F3xx_HAL_Driver/Src/stm32f3xx_hal_dma.o
                0x08000906                HAL_DMA_Abort_IT
 *fill*         0x08000982        0x2 
 .text.HAL_FLASH_Program
                0x08000984       0xe0 ./Drivers/STM32F3xx_HAL_Driver/Src/stm32f3xx_hal_flash.o
                0x08000984                HAL_FLASH_Program
 .text.HAL_FLASH_Unlock
                0x08000a64       0x4c ./Drivers/STM32F3xx_HAL_Driver/Src/stm32f3xx_hal_flash.o
                0x08000a64                HAL_FLASH_Unlock
 .text.HAL_FLASH_Lock
                0x08000ab0       0x20 ./Drivers/STM32F3xx_HAL_Driver/Src/stm32f3xx_hal_flash.o
                0x08000ab0                HAL_FLASH_Lock
 .text.FLASH_Program_HalfWord
                0x08000ad0       0x38 ./Drivers/STM32F3xx_HAL_Driver/Src/stm32f3xx_hal_flash.o
 .text.FLASH_WaitForLastOperation
                0x08000b08       0x80 ./Drivers/STM32F3xx_HAL_Driver/Src/stm32f3xx_hal_flash.o
                0x08000b08                FLASH_WaitForLastOperation
 .text.FLASH_SetErrorCode
                0x08000b88       0x64 ./Drivers/STM32F3xx_HAL_Driver/Src/stm32f3xx_hal_flash.o
 .text.HAL_FLASHEx_Erase
                0x08000bec       0xd4 ./Drivers/STM32F3xx_HAL_Driver/Src/stm32f3xx_hal_flash_ex.o
                0x08000bec                HAL_FLASHEx_Erase
 .text.FLASH_MassErase
                0x08000cc0       0x34 ./Drivers/STM32F3xx_HAL_Driver/Src/stm32f3xx_hal_flash_ex.o
 .text.FLASH_PageErase
                0x08000cf4       0x40 ./Drivers/STM32F3xx_HAL_Driver/Src/stm32f3xx_hal_flash_ex.o
                0x08000cf4                FLASH_PageErase
 .text.HAL_GPIO_Init
                0x08000d34      0x2e4 ./Drivers/STM32F3xx_HAL_Driver/Src/stm32f3xx_hal_gpio.o
                0x08000d34                HAL_GPIO_Init
 .text.HAL_GPIO_WritePin
                0x08001018       0x30 ./Drivers/STM32F3xx_HAL_Driver/Src/stm32f3xx_hal_gpio.o
                0x08001018                HAL_GPIO_WritePin
 .text.HAL_RCC_OscConfig
                0x08001048     0x101c ./Drivers/STM32F3xx_HAL_Driver/Src/stm32f3xx_hal_rcc.o
                0x08001048                HAL_RCC_OscConfig
 .text.HAL_RCC_ClockConfig
                0x08002064      0x2dc ./Drivers/STM32F3xx_HAL_Driver/Src/stm32f3xx_hal_rcc.o
                0x08002064                HAL_RCC_ClockConfig
 .text.HAL_RCC_GetSysClockFreq
                0x08002340       0xa8 ./Drivers/STM32F3xx_HAL_Driver/Src/stm32f3xx_hal_rcc.o
                0x08002340                HAL_RCC_GetSysClockFreq
 .text.HAL_RCC_GetHCLKFreq
                0x080023e8       0x18 ./Drivers/STM32F3xx_HAL_Driver/Src/stm32f3xx_hal_rcc.o
                0x080023e8                HAL_RCC_GetHCLKFreq
 .text.HAL_RCC_GetPCLK1Freq
                0x08002400       0x44 ./Drivers/STM32F3xx_HAL_Driver/Src/stm32f3xx_hal_rcc.o
                0x08002400                HAL_RCC_GetPCLK1Freq
 .text.HAL_RCC_GetPCLK2Freq
                0x08002444       0x44 ./Drivers/STM32F3xx_HAL_Driver/Src/stm32f3xx_hal_rcc.o
                0x08002444                HAL_RCC_GetPCLK2Freq
 .text.HAL_RCCEx_PeriphCLKConfig
                0x08002488      0x248 ./Drivers/STM32F3xx_HAL_Driver/Src/stm32f3xx_hal_rcc_ex.o
                0x08002488                HAL_RCCEx_PeriphCLKConfig
 .text.HAL_UART_Init
                0x080026d0       0x9c ./Drivers/STM32F3xx_HAL_Driver/Src/stm32f3xx_hal_uart.o
                0x080026d0                HAL_UART_Init
 .text.HAL_UART_IRQHandler
                0x0800276c      0x5cc ./Drivers/STM32F3xx_HAL_Driver/Src/stm32f3xx_hal_uart.o
                0x0800276c                HAL_UART_IRQHandler
 .text.HAL_UART_TxCpltCallback
                0x08002d38       0x14 ./Drivers/STM32F3xx_HAL_Driver/Src/stm32f3xx_hal_uart.o
                0x08002d38                HAL_UART_TxCpltCallback
 .text.HAL_UART_ErrorCallback
                0x08002d4c       0x14 ./Drivers/STM32F3xx_HAL_Driver/Src/stm32f3xx_hal_uart.o
                0x08002d4c                HAL_UART_ErrorCallback
 .text.HAL_UARTEx_RxEventCallback
                0x08002d60       0x18 ./Drivers/STM32F3xx_HAL_Driver/Src/stm32f3xx_hal_uart.o
                0x08002d60                HAL_UARTEx_RxEventCallback
 .text.UART_SetConfig
                0x08002d78      0x26c ./Drivers/STM32F3xx_HAL_Driver/Src/stm32f3xx_hal_uart.o
                0x08002d78                UART_SetConfig
 .text.UART_AdvFeatureConfig
                0x08002fe4      0x144 ./Drivers/STM32F3xx_HAL_Driver/Src/stm32f3xx_hal_uart.o
                0x08002fe4                UART_AdvFeatureConfig
 .text.UART_CheckIdleState
                0x08003128      0x150 ./Drivers/STM32F3xx_HAL_Driver/Src/stm32f3xx_hal_uart.o
                0x08003128                UART_CheckIdleState
 .text.UART_WaitOnFlagUntilTimeout
                0x08003278       0xda ./Drivers/STM32F3xx_HAL_Driver/Src/stm32f3xx_hal_uart.o
                0x08003278                UART_WaitOnFlagUntilTimeout
 .text.UART_EndRxTransfer
                0x08003352       0xc8 ./Drivers/STM32F3xx_HAL_Driver/Src/stm32f3xx_hal_uart.o
 .text.UART_DMAAbortOnError
                0x0800341a       0x2c ./Drivers/STM32F3xx_HAL_Driver/Src/stm32f3xx_hal_uart.o
 .text.UART_EndTransmit_IT
                0x08003446       0x54 ./Drivers/STM32F3xx_HAL_Driver/Src/stm32f3xx_hal_uart.o
 .text.HAL_UARTEx_WakeupCallback
                0x0800349a       0x14 ./Drivers/STM32F3xx_HAL_Driver/Src/stm32f3xx_hal_uart_ex.o
                0x0800349a                HAL_UARTEx_WakeupCallback
 .text.memset   0x080034ae       0x10 C:/ST/STM32CubeIDE_2.2.0/STM32CubeIDE/plugins/com.st.stm32cube.ide.mcu.externaltools.gnu-tools-for-stm32.14.3.rel1.win32_1.0.100.202602081740/tools/bin/../lib/gcc/arm-none-eabi/14.3.1/../../../../arm-none-eabi/lib/thumb/v7e-m+fp/hard\libc_nano.a(libc_a-memset.o)
                0x080034ae                memset
 *fill*         0x080034be        0x2 
 .text.__libc_init_array
                0x080034c0       0x48 C:/ST/STM32CubeIDE_2.2.0/STM32CubeIDE/plugins/com.st.stm32cube.ide.mcu.externaltools.gnu-tools-for-stm32.14.3.rel1.win32_1.0.100.202602081740/tools/bin/../lib/gcc/arm-none-eabi/14.3.1/../../../../arm-none-eabi/lib/thumb/v7e-m+fp/hard\libc_nano.a(libc_a-init.o)
                0x080034c0                __libc_init_array
 *(.glue_7)
 .glue_7        0x08003508        0x0 linker stubs
 *(.glue_7t)
 .glue_7t       0x08003508        0x0 linker stubs
 *(.eh_frame)
 .eh_frame      0x08003508        0x0 C:/ST/STM32CubeIDE_2.2.0/STM32CubeIDE/plugins/com.st.stm32cube.ide.mcu.externaltools.gnu-tools-for-stm32.14.3.rel1.win32_1.0.100.202602081740/tools/bin/../lib/gcc/arm-none-eabi/14.3.1/thumb/v7e-m+fp/hard/crtbegin.o
 *(.init)
 .init          0x08003508        0x4 C:/ST/STM32CubeIDE_2.2.0/STM32CubeIDE/plugins/com.st.stm32cube.ide.mcu.externaltools.gnu-tools-for-stm32.14.3.rel1.win32_1.0.100.202602081740/tools/bin/../lib/gcc/arm-none-eabi/14.3.1/thumb/v7e-m+fp/hard/crti.o
                0x08003508                _init
 .init          0x0800350c        0x8 C:/ST/STM32CubeIDE_2.2.0/STM32CubeIDE/plugins/com.st.stm32cube.ide.mcu.externaltools.gnu-tools-for-stm32.14.3.rel1.win32_1.0.100.202602081740/tools/bin/../lib/gcc/arm-none-eabi/14.3.1/thumb/v7e-m+fp/hard/crtn.o
 *(.fini)
 .fini          0x08003514        0x4 C:/ST/STM32CubeIDE_2.2.0/STM32CubeIDE/plugins/com.st.stm32cube.ide.mcu.externaltools.gnu-tools-for-stm32.14.3.rel1.win32_1.0.100.202602081740/tools/bin/../lib/gcc/arm-none-eabi/14.3.1/thumb/v7e-m+fp/hard/crti.o
                0x08003514                _fini
 .fini          0x08003518        0x8 C:/ST/STM32CubeIDE_2.2.0/STM32CubeIDE/plugins/com.st.stm32cube.ide.mcu.externaltools.gnu-tools-for-stm32.14.3.rel1.win32_1.0.100.202602081740/tools/bin/../lib/gcc/arm-none-eabi/14.3.1/thumb/v7e-m+fp/hard/crtn.o
                0x08003520                        . = ALIGN (0x4)
                0x08003520                        _etext = .

.vfp11_veneer   0x08003520        0x0
 .vfp11_veneer  0x08003520        0x0 linker stubs

.v4_bx          0x08003520        0x0
 .v4_bx         0x08003520        0x0 linker stubs

.iplt           0x08003520        0x0
 .iplt          0x08003520        0x0 C:/ST/STM32CubeIDE_2.2.0/STM32CubeIDE/plugins/com.st.stm32cube.ide.mcu.externaltools.gnu-tools-for-stm32.14.3.rel1.win32_1.0.100.202602081740/tools/bin/../lib/gcc/arm-none-eabi/14.3.1/thumb/v7e-m+fp/hard/crtbegin.o

.rodata         0x08003520       0x38
                0x08003520                        . = ALIGN (0x4)
 *(.rodata)
 *(.rodata*)
 .rodata.AHBPrescTable
                0x08003520       0x10 ./Core/Src/system_stm32f3xx.o
                0x08003520                AHBPrescTable
 .rodata.APBPrescTable
                0x08003530        0x8 ./Core/Src/system_stm32f3xx.o
                0x08003530                APBPrescTable
 .rodata.aPLLMULFactorTable
                0x08003538       0x10 ./Drivers/STM32F3xx_HAL_Driver/Src/stm32f3xx_hal_rcc.o
 .rodata.aPredivFactorTable
                0x08003548       0x10 ./Drivers/STM32F3xx_HAL_Driver/Src/stm32f3xx_hal_rcc.o
                0x08003558                        . = ALIGN (0x4)

.ARM.extab      0x08003558        0x0
                0x08003558                        . = ALIGN (0x4)
 *(.ARM.extab* .gnu.linkonce.armextab.*)
                0x08003558                        . = ALIGN (0x4)

.ARM            0x08003558        0x0
                0x08003558                        . = ALIGN (0x4)
                0x08003558                        __exidx_start = .
 *(.ARM.exidx*)
                0x08003558                        __exidx_end = .
                0x08003558                        . = ALIGN (0x4)

.preinit_array  0x08003558        0x0
                0x08003558                        . = ALIGN (0x4)
                0x08003558                        PROVIDE (__preinit_array_start = .)
 *(.preinit_array*)
                0x08003558                        PROVIDE (__preinit_array_end = .)
                0x08003558                        . = ALIGN (0x4)

.init_array     0x08003558        0x4
                0x08003558                        . = ALIGN (0x4)
                0x08003558                        PROVIDE (__init_array_start = .)
 *(SORT_BY_NAME(.init_array.*))
 *(.init_array*)
 .init_array    0x08003558        0x4 C:/ST/STM32CubeIDE_2.2.0/STM32CubeIDE/plugins/com.st.stm32cube.ide.mcu.externaltools.gnu-tools-for-stm32.14.3.rel1.win32_1.0.100.202602081740/tools/bin/../lib/gcc/arm-none-eabi/14.3.1/thumb/v7e-m+fp/hard/crtbegin.o
                0x0800355c                        PROVIDE (__init_array_end = .)
                0x0800355c                        . = ALIGN (0x4)

.fini_array     0x0800355c        0x4
                0x0800355c                        . = ALIGN (0x4)
                [!provide]                        PROVIDE (__fini_array_start = .)
 *(SORT_BY_NAME(.fini_array.*))
 *(.fini_array*)
 .fini_array    0x0800355c        0x4 C:/ST/STM32CubeIDE_2.2.0/STM32CubeIDE/plugins/com.st.stm32cube.ide.mcu.externaltools.gnu-tools-for-stm32.14.3.rel1.win32_1.0.100.202602081740/tools/bin/../lib/gcc/arm-none-eabi/14.3.1/thumb/v7e-m+fp/hard/crtbegin.o
                [!provide]                        PROVIDE (__fini_array_end = .)
                0x08003560                        . = ALIGN (0x4)
                0x08003560                        _sidata = LOADADDR (.data)

.rel.dyn        0x08003560        0x0
 .rel.iplt      0x08003560        0x0 C:/ST/STM32CubeIDE_2.2.0/STM32CubeIDE/plugins/com.st.stm32cube.ide.mcu.externaltools.gnu-tools-for-stm32.14.3.rel1.win32_1.0.100.202602081740/tools/bin/../lib/gcc/arm-none-eabi/14.3.1/thumb/v7e-m+fp/hard/crtbegin.o

.data           0x20000000        0xc load address 0x08003560
                0x20000000                        . = ALIGN (0x4)
                0x20000000                        _sdata = .
 *(.data)
 *(.data*)
 .data.SystemCoreClock
                0x20000000        0x4 ./Core/Src/system_stm32f3xx.o
                0x20000000                SystemCoreClock
 .data.uwTickPrio
                0x20000004        0x4 ./Drivers/STM32F3xx_HAL_Driver/Src/stm32f3xx_hal.o
                0x20000004                uwTickPrio
 .data.uwTickFreq
                0x20000008        0x1 ./Drivers/STM32F3xx_HAL_Driver/Src/stm32f3xx_hal.o
                0x20000008                uwTickFreq
 *(.RamFunc)
 *(.RamFunc*)
                0x2000000c                        . = ALIGN (0x4)
 *fill*         0x20000009        0x3 
                0x2000000c                        _edata = .
                0x0800356c                        _siccmram = LOADADDR (.ccmram)

.igot.plt       0x2000000c        0x0 load address 0x0800356c
 .igot.plt      0x2000000c        0x0 C:/ST/STM32CubeIDE_2.2.0/STM32CubeIDE/plugins/com.st.stm32cube.ide.mcu.externaltools.gnu-tools-for-stm32.14.3.rel1.win32_1.0.100.202602081740/tools/bin/../lib/gcc/arm-none-eabi/14.3.1/thumb/v7e-m+fp/hard/crtbegin.o

.ccmram         0x10000000        0x0 load address 0x0800356c
                0x10000000                        . = ALIGN (0x4)
                0x10000000                        _sccmram = .
 *(.ccmram)
 *(.ccmram*)
                0x10000000                        . = ALIGN (0x4)
                0x10000000                        _eccmram = .
                0x10000000                        . = ALIGN (0x4)

.bss            0x20000010       0xd0
                0x20000010                        _sbss = .
                0x20000010                        __bss_start__ = _sbss
 *(.bss)
 .bss           0x20000010       0x1c C:/ST/STM32CubeIDE_2.2.0/STM32CubeIDE/plugins/com.st.stm32cube.ide.mcu.externaltools.gnu-tools-for-stm32.14.3.rel1.win32_1.0.100.202602081740/tools/bin/../lib/gcc/arm-none-eabi/14.3.1/thumb/v7e-m+fp/hard/crtbegin.o
 *(.bss*)
 .bss.read_data
                0x2000002c        0x2 ./Core/Src/flash_islemleri.o
                0x2000002c                read_data
 *fill*         0x2000002e        0x2 
 .bss.huart1    0x20000030       0x88 ./Core/Src/main.o
                0x20000030                huart1
 .bss.uwTick    0x200000b8        0x4 ./Drivers/STM32F3xx_HAL_Driver/Src/stm32f3xx_hal.o
                0x200000b8                uwTick
 *fill*         0x200000bc        0x4 
 .bss.pFlash    0x200000c0       0x20 ./Drivers/STM32F3xx_HAL_Driver/Src/stm32f3xx_hal_flash.o
                0x200000c0                pFlash
 *(COMMON)
                0x200000e0                        . = ALIGN (0x4)
                0x200000e0                        _ebss = .
                0x200000e0                        __bss_end__ = _ebss

._user_heap_stack
                0x200000e0      0x600
                0x200000e0                        . = ALIGN (0x8)
                [!provide]                        PROVIDE (end = .)
                0x200000e0                        PROVIDE (_end = .)
                0x200002e0                        . = (. + _Min_Heap_Size)
 *fill*         0x200000e0      0x200 
                0x200006e0                        . = (. + _Min_Stack_Size)
 *fill*         0x200002e0      0x400 
                0x200006e0                        . = ALIGN (0x8)

/DISCARD/
 libc.a(*)
 libm.a(*)
 libgcc.a(*)

.ARM.attributes
                0x00000000       0x30
 *(.ARM.attributes)
 .ARM.attributes
                0x00000000       0x22 C:/ST/STM32CubeIDE_2.2.0/STM32CubeIDE/plugins/com.st.stm32cube.ide.mcu.externaltools.gnu-tools-for-stm32.14.3.rel1.win32_1.0.100.202602081740/tools/bin/../lib/gcc/arm-none-eabi/14.3.1/thumb/v7e-m+fp/hard/crti.o
 .ARM.attributes
                0x00000022       0x34 C:/ST/STM32CubeIDE_2.2.0/STM32CubeIDE/plugins/com.st.stm32cube.ide.mcu.externaltools.gnu-tools-for-stm32.14.3.rel1.win32_1.0.100.202602081740/tools/bin/../lib/gcc/arm-none-eabi/14.3.1/thumb/v7e-m+fp/hard/crtbegin.o
 .ARM.attributes
                0x00000056       0x34 ./Core/Src/flash_islemleri.o
 .ARM.attributes
                0x0000008a       0x34 ./Core/Src/main.o
 .ARM.attributes
                0x000000be       0x34 ./Core/Src/stm32f3xx_hal_msp.o
 .ARM.attributes
                0x000000f2       0x34 ./Core/Src/stm32f3xx_it.o
 .ARM.attributes
                0x00000126       0x34 ./Core/Src/system_stm32f3xx.o
 .ARM.attributes
                0x0000015a       0x21 ./Core/Startup/startup_stm32f303k8tx.o
 .ARM.attributes
                0x0000017b       0x34 ./Drivers/STM32F3xx_HAL_Driver/Src/stm32f3xx_hal.o
 .ARM.attributes
                0x000001af       0x34 ./Drivers/STM32F3xx_HAL_Driver/Src/stm32f3xx_hal_cortex.o
 .ARM.attributes
                0x000001e3       0x34 ./Drivers/STM32F3xx_HAL_Driver/Src/stm32f3xx_hal_dma.o
 .ARM.attributes
                0x00000217       0x34 ./Drivers/STM32F3xx_HAL_Driver/Src/stm32f3xx_hal_flash.o
 .ARM.attributes
                0x0000024b       0x34 ./Drivers/STM32F3xx_HAL_Driver/Src/stm32f3xx_hal_flash_ex.o
 .ARM.attributes
                0x0000027f       0x34 ./Drivers/STM32F3xx_HAL_Driver/Src/stm32f3xx_hal_gpio.o
 .ARM.attributes
                0x000002b3       0x34 ./Drivers/STM32F3xx_HAL_Driver/Src/stm32f3xx_hal_rcc.o
 .ARM.attributes
                0x000002e7       0x34 ./Drivers/STM32F3xx_HAL_Driver/Src/stm32f3xx_hal_rcc_ex.o
 .ARM.attributes
                0x0000031b       0x34 ./Drivers/STM32F3xx_HAL_Driver/Src/stm32f3xx_hal_uart.o
 .ARM.attributes
                0x0000034f       0x34 ./Drivers/STM32F3xx_HAL_Driver/Src/stm32f3xx_hal_uart_ex.o
 .ARM.attributes
                0x00000383       0x34 C:/ST/STM32CubeIDE_2.2.0/STM32CubeIDE/plugins/com.st.stm32cube.ide.mcu.externaltools.gnu-tools-for-stm32.14.3.rel1.win32_1.0.100.202602081740/tools/bin/../lib/gcc/arm-none-eabi/14.3.1/../../../../arm-none-eabi/lib/thumb/v7e-m+fp/hard\libc_nano.a(libc_a-memset.o)
 .ARM.attributes
                0x000003b7       0x34 C:/ST/STM32CubeIDE_2.2.0/STM32CubeIDE/plugins/com.st.stm32cube.ide.mcu.externaltools.gnu-tools-for-stm32.14.3.rel1.win32_1.0.100.202602081740/tools/bin/../lib/gcc/arm-none-eabi/14.3.1/../../../../arm-none-eabi/lib/thumb/v7e-m+fp/hard\libc_nano.a(libc_a-init.o)
 .ARM.attributes
                0x000003eb       0x22 C:/ST/STM32CubeIDE_2.2.0/STM32CubeIDE/plugins/com.st.stm32cube.ide.mcu.externaltools.gnu-tools-for-stm32.14.3.rel1.win32_1.0.100.202602081740/tools/bin/../lib/gcc/arm-none-eabi/14.3.1/thumb/v7e-m+fp/hard/crtn.o
OUTPUT(1_UART_BOOTLOADER.elf elf32-littlearm)
LOAD linker stubs
LOAD C:/ST/STM32CubeIDE_2.2.0/STM32CubeIDE/plugins/com.st.stm32cube.ide.mcu.externaltools.gnu-tools-for-stm32.14.3.rel1.win32_1.0.100.202602081740/tools/bin/../lib/gcc/arm-none-eabi/14.3.1/../../../../arm-none-eabi/lib/thumb/v7e-m+fp/hard\libc.a
LOAD C:/ST/STM32CubeIDE_2.2.0/STM32CubeIDE/plugins/com.st.stm32cube.ide.mcu.externaltools.gnu-tools-for-stm32.14.3.rel1.win32_1.0.100.202602081740/tools/bin/../lib/gcc/arm-none-eabi/14.3.1/../../../../arm-none-eabi/lib/thumb/v7e-m+fp/hard\libm.a
LOAD C:/ST/STM32CubeIDE_2.2.0/STM32CubeIDE/plugins/com.st.stm32cube.ide.mcu.externaltools.gnu-tools-for-stm32.14.3.rel1.win32_1.0.100.202602081740/tools/bin/../lib/gcc/arm-none-eabi/14.3.1/thumb/v7e-m+fp/hard\libgcc.a

.debug_info     0x00000000     0xaf06
 .debug_info    0x00000000      0x1d6 ./Core/Src/flash_islemleri.o
 .debug_info    0x000001d6      0xbc8 ./Core/Src/main.o
 .debug_info    0x00000d9e      0xa83 ./Core/Src/stm32f3xx_hal_msp.o
 .debug_info    0x00001821      0x6ee ./Core/Src/stm32f3xx_it.o
 .debug_info    0x00001f0f      0x407 ./Core/Src/system_stm32f3xx.o
 .debug_info    0x00002316       0x30 ./Core/Startup/startup_stm32f303k8tx.o
 .debug_info    0x00002346      0x74a ./Drivers/STM32F3xx_HAL_Driver/Src/stm32f3xx_hal.o
 .debug_info    0x00002a90      0xa87 ./Drivers/STM32F3xx_HAL_Driver/Src/stm32f3xx_hal_cortex.o
 .debug_info    0x00003517      0x6e1 ./Drivers/STM32F3xx_HAL_Driver/Src/stm32f3xx_hal_dma.o
 .debug_info    0x00003bf8      0x4f5 ./Drivers/STM32F3xx_HAL_Driver/Src/stm32f3xx_hal_flash.o
 .debug_info    0x000040ed      0x777 ./Drivers/STM32F3xx_HAL_Driver/Src/stm32f3xx_hal_flash_ex.o
 .debug_info    0x00004864      0x6a6 ./Drivers/STM32F3xx_HAL_Driver/Src/stm32f3xx_hal_gpio.o
 .debug_info    0x00004f0a     0x148a ./Drivers/STM32F3xx_HAL_Driver/Src/stm32f3xx_hal_rcc.o
 .debug_info    0x00006394      0x52e ./Drivers/STM32F3xx_HAL_Driver/Src/stm32f3xx_hal_rcc_ex.o
 .debug_info    0x000068c2     0x39a8 ./Drivers/STM32F3xx_HAL_Driver/Src/stm32f3xx_hal_uart.o
 .debug_info    0x0000a26a      0xc9c ./Drivers/STM32F3xx_HAL_Driver/Src/stm32f3xx_hal_uart_ex.o

.debug_abbrev   0x00000000     0x2045
 .debug_abbrev  0x00000000       0xf6 ./Core/Src/flash_islemleri.o
 .debug_abbrev  0x000000f6      0x253 ./Core/Src/main.o
 .debug_abbrev  0x00000349      0x1af ./Core/Src/stm32f3xx_hal_msp.o
 .debug_abbrev  0x000004f8      0x173 ./Core/Src/stm32f3xx_it.o
 .debug_abbrev  0x0000066b      0x11a ./Core/Src/system_stm32f3xx.o
 .debug_abbrev  0x00000785       0x24 ./Core/Startup/startup_stm32f303k8tx.o
 .debug_abbrev  0x000007a9      0x215 ./Drivers/STM32F3xx_HAL_Driver/Src/stm32f3xx_hal.o
 .debug_abbrev  0x000009be      0x2f8 ./Drivers/STM32F3xx_HAL_Driver/Src/stm32f3xx_hal_cortex.o
 .debug_abbrev  0x00000cb6      0x20d ./Drivers/STM32F3xx_HAL_Driver/Src/stm32f3xx_hal_dma.o
 .debug_abbrev  0x00000ec3      0x258 ./Drivers/STM32F3xx_HAL_Driver/Src/stm32f3xx_hal_flash.o
 .debug_abbrev  0x0000111b      0x2af ./Drivers/STM32F3xx_HAL_Driver/Src/stm32f3xx_hal_flash_ex.o
 .debug_abbrev  0x000013ca      0x1ca ./Drivers/STM32F3xx_HAL_Driver/Src/stm32f3xx_hal_gpio.o
 .debug_abbrev  0x00001594      0x300 ./Drivers/STM32F3xx_HAL_Driver/Src/stm32f3xx_hal_rcc.o
 .debug_abbrev  0x00001894      0x221 ./Drivers/STM32F3xx_HAL_Driver/Src/stm32f3xx_hal_rcc_ex.o
 .debug_abbrev  0x00001ab5      0x2d1 ./Drivers/STM32F3xx_HAL_Driver/Src/stm32f3xx_hal_uart.o
 .debug_abbrev  0x00001d86      0x2bf ./Drivers/STM32F3xx_HAL_Driver/Src/stm32f3xx_hal_uart_ex.o

.debug_aranges  0x00000000      0x880
 .debug_aranges
                0x00000000       0x20 ./Core/Src/flash_islemleri.o
 .debug_aranges
                0x00000020       0x40 ./Core/Src/main.o
 .debug_aranges
                0x00000060       0x30 ./Core/Src/stm32f3xx_hal_msp.o
 .debug_aranges
                0x00000090       0x68 ./Core/Src/stm32f3xx_it.o
 .debug_aranges
                0x000000f8       0x28 ./Core/Src/system_stm32f3xx.o
 .debug_aranges
                0x00000120       0x28 ./Core/Startup/startup_stm32f303k8tx.o
 .debug_aranges
                0x00000148       0xe0 ./Drivers/STM32F3xx_HAL_Driver/Src/stm32f3xx_hal.o
 .debug_aranges
                0x00000228      0x100 ./Drivers/STM32F3xx_HAL_Driver/Src/stm32f3xx_hal_cortex.o
 .debug_aranges
                0x00000328       0x88 ./Drivers/STM32F3xx_HAL_Driver/Src/stm32f3xx_hal_dma.o
 .debug_aranges
                0x000003b0       0x88 ./Drivers/STM32F3xx_HAL_Driver/Src/stm32f3xx_hal_flash.o
 .debug_aranges
                0x00000438       0x98 ./Drivers/STM32F3xx_HAL_Driver/Src/stm32f3xx_hal_flash_ex.o
 .debug_aranges
                0x000004d0       0x58 ./Drivers/STM32F3xx_HAL_Driver/Src/stm32f3xx_hal_gpio.o
 .debug_aranges
                0x00000528       0x88 ./Drivers/STM32F3xx_HAL_Driver/Src/stm32f3xx_hal_rcc.o
 .debug_aranges
                0x000005b0       0x38 ./Drivers/STM32F3xx_HAL_Driver/Src/stm32f3xx_hal_rcc_ex.o
 .debug_aranges
                0x000005e8      0x228 ./Drivers/STM32F3xx_HAL_Driver/Src/stm32f3xx_hal_uart.o
 .debug_aranges
                0x00000810       0x70 ./Drivers/STM32F3xx_HAL_Driver/Src/stm32f3xx_hal_uart_ex.o

.debug_rnglists
                0x00000000      0x675
 .debug_rnglists
                0x00000000       0x13 ./Core/Src/flash_islemleri.o
 .debug_rnglists
                0x00000013       0x2c ./Core/Src/main.o
 .debug_rnglists
                0x0000003f       0x20 ./Core/Src/stm32f3xx_hal_msp.o
 .debug_rnglists
                0x0000005f       0x49 ./Core/Src/stm32f3xx_it.o
 .debug_rnglists
                0x000000a8       0x1a ./Core/Src/system_stm32f3xx.o
 .debug_rnglists
                0x000000c2       0x19 ./Core/Startup/startup_stm32f303k8tx.o
 .debug_rnglists
                0x000000db       0xa3 ./Drivers/STM32F3xx_HAL_Driver/Src/stm32f3xx_hal.o
 .debug_rnglists
                0x0000017e       0xbb ./Drivers/STM32F3xx_HAL_Driver/Src/stm32f3xx_hal_cortex.o
 .debug_rnglists
                0x00000239       0x69 ./Drivers/STM32F3xx_HAL_Driver/Src/stm32f3xx_hal_dma.o
 .debug_rnglists
                0x000002a2       0x65 ./Drivers/STM32F3xx_HAL_Driver/Src/stm32f3xx_hal_flash.o
 .debug_rnglists
                0x00000307       0x74 ./Drivers/STM32F3xx_HAL_Driver/Src/stm32f3xx_hal_flash_ex.o
 .debug_rnglists
                0x0000037b       0x3f ./Drivers/STM32F3xx_HAL_Driver/Src/stm32f3xx_hal_gpio.o
 .debug_rnglists
                0x000003ba       0x66 ./Drivers/STM32F3xx_HAL_Driver/Src/stm32f3xx_hal_rcc.o
 .debug_rnglists
                0x00000420       0x27 ./Drivers/STM32F3xx_HAL_Driver/Src/stm32f3xx_hal_rcc_ex.o
 .debug_rnglists
                0x00000447      0x1da ./Drivers/STM32F3xx_HAL_Driver/Src/stm32f3xx_hal_uart.o
 .debug_rnglists
                0x00000621       0x54 ./Drivers/STM32F3xx_HAL_Driver/Src/stm32f3xx_hal_uart_ex.o

.debug_macro    0x00000000    0x1969a
 .debug_macro   0x00000000      0x1b7 ./Core/Src/flash_islemleri.o
 .debug_macro   0x000001b7      0x158 ./Core/Src/flash_islemleri.o
 .debug_macro   0x0000030f       0x2e ./Core/Src/flash_islemleri.o
 .debug_macro   0x0000033d       0x28 ./Core/Src/flash_islemleri.o
 .debug_macro   0x00000365       0x22 ./Core/Src/flash_islemleri.o
 .debug_macro   0x00000387       0x8e ./Core/Src/flash_islemleri.o
 .debug_macro   0x00000415       0x51 ./Core/Src/flash_islemleri.o
 .debug_macro   0x00000466      0x103 ./Core/Src/flash_islemleri.o
 .debug_macro   0x00000569       0x6a ./Core/Src/flash_islemleri.o
 .debug_macro   0x000005d3      0x1df ./Core/Src/flash_islemleri.o
 .debug_macro   0x000007b2       0x1c ./Core/Src/flash_islemleri.o
 .debug_macro   0x000007ce       0x22 ./Core/Src/flash_islemleri.o
 .debug_macro   0x000007f0       0xd9 ./Core/Src/flash_islemleri.o
 .debug_macro   0x000008c9      0xf07 ./Core/Src/flash_islemleri.o
 .debug_macro   0x000017d0    0x10be0 ./Core/Src/flash_islemleri.o
 .debug_macro   0x000123b0       0x6d ./Core/Src/flash_islemleri.o
 .debug_macro   0x0001241d     0x3574 ./Core/Src/flash_islemleri.o
 .debug_macro   0x00015991      0x190 ./Core/Src/flash_islemleri.o
 .debug_macro   0x00015b21       0x55 ./Core/Src/flash_islemleri.o
 .debug_macro   0x00015b76      0x8f8 ./Core/Src/flash_islemleri.o
 .debug_macro   0x0001646e      0x304 ./Core/Src/flash_islemleri.o
 .debug_macro   0x00016772      0x1b5 ./Core/Src/flash_islemleri.o
 .debug_macro   0x00016927      0x11b ./Core/Src/flash_islemleri.o
 .debug_macro   0x00016a42      0x1d5 ./Core/Src/flash_islemleri.o
 .debug_macro   0x00016c17      0x1bc ./Core/Src/flash_islemleri.o
 .debug_macro   0x00016dd3       0x34 ./Core/Src/flash_islemleri.o
 .debug_macro   0x00016e07       0x3c ./Core/Src/flash_islemleri.o
 .debug_macro   0x00016e43       0x57 ./Core/Src/flash_islemleri.o
 .debug_macro   0x00016e9a       0xc5 ./Core/Src/flash_islemleri.o
 .debug_macro   0x00016f5f      0x19f ./Core/Src/flash_islemleri.o
 .debug_macro   0x000170fe      0x22c ./Core/Src/flash_islemleri.o
 .debug_macro   0x0001732a       0x5b ./Core/Src/flash_islemleri.o
 .debug_macro   0x00017385       0xa5 ./Core/Src/flash_islemleri.o
 .debug_macro   0x0001742a       0x81 ./Core/Src/flash_islemleri.o
 .debug_macro   0x000174ab       0xd3 ./Core/Src/flash_islemleri.o
 .debug_macro   0x0001757e      0x5ba ./Core/Src/flash_islemleri.o
 .debug_macro   0x00017b38       0x44 ./Core/Src/flash_islemleri.o
 .debug_macro   0x00017b7c      0x285 ./Core/Src/flash_islemleri.o
 .debug_macro   0x00017e01      0x1ce ./Core/Src/main.o
 .debug_macro   0x00017fcf       0x28 ./Core/Src/main.o
 .debug_macro   0x00017ff7      0x1c0 ./Core/Src/stm32f3xx_hal_msp.o
 .debug_macro   0x000181b7      0x1ca ./Core/Src/stm32f3xx_it.o
 .debug_macro   0x00018381      0x1b1 ./Core/Src/system_stm32f3xx.o
 .debug_macro   0x00018532      0x1d5 ./Drivers/STM32F3xx_HAL_Driver/Src/stm32f3xx_hal.o
 .debug_macro   0x00018707      0x1b1 ./Drivers/STM32F3xx_HAL_Driver/Src/stm32f3xx_hal_cortex.o
 .debug_macro   0x000188b8      0x1b1 ./Drivers/STM32F3xx_HAL_Driver/Src/stm32f3xx_hal_dma.o
 .debug_macro   0x00018a69      0x1b1 ./Drivers/STM32F3xx_HAL_Driver/Src/stm32f3xx_hal_flash.o
 .debug_macro   0x00018c1a      0x1c3 ./Drivers/STM32F3xx_HAL_Driver/Src/stm32f3xx_hal_flash_ex.o
 .debug_macro   0x00018ddd      0x1b8 ./Drivers/STM32F3xx_HAL_Driver/Src/stm32f3xx_hal_gpio.o
 .debug_macro   0x00018f95      0x1d5 ./Drivers/STM32F3xx_HAL_Driver/Src/stm32f3xx_hal_rcc.o
 .debug_macro   0x0001916a      0x1b1 ./Drivers/STM32F3xx_HAL_Driver/Src/stm32f3xx_hal_rcc_ex.o
 .debug_macro   0x0001931b      0x1ce ./Drivers/STM32F3xx_HAL_Driver/Src/stm32f3xx_hal_uart.o
 .debug_macro   0x000194e9      0x1b1 ./Drivers/STM32F3xx_HAL_Driver/Src/stm32f3xx_hal_uart_ex.o

.debug_line     0x00000000     0xc1b6
 .debug_line    0x00000000      0x73c ./Core/Src/flash_islemleri.o
 .debug_line    0x0000073c      0x846 ./Core/Src/main.o
 .debug_line    0x00000f82      0x785 ./Core/Src/stm32f3xx_hal_msp.o
 .debug_line    0x00001707      0x7fc ./Core/Src/stm32f3xx_it.o
 .debug_line    0x00001f03      0x7af ./Core/Src/system_stm32f3xx.o
 .debug_line    0x000026b2       0x7a ./Core/Startup/startup_stm32f303k8tx.o
 .debug_line    0x0000272c      0x9ee ./Drivers/STM32F3xx_HAL_Driver/Src/stm32f3xx_hal.o
 .debug_line    0x0000311a      0xbaf ./Drivers/STM32F3xx_HAL_Driver/Src/stm32f3xx_hal_cortex.o
 .debug_line    0x00003cc9      0xcb5 ./Drivers/STM32F3xx_HAL_Driver/Src/stm32f3xx_hal_dma.o
 .debug_line    0x0000497e      0xa6c ./Drivers/STM32F3xx_HAL_Driver/Src/stm32f3xx_hal_flash.o
 .debug_line    0x000053ea      0xbc6 ./Drivers/STM32F3xx_HAL_Driver/Src/stm32f3xx_hal_flash_ex.o
 .debug_line    0x00005fb0      0xb22 ./Drivers/STM32F3xx_HAL_Driver/Src/stm32f3xx_hal_gpio.o
 .debug_line    0x00006ad2     0x154a ./Drivers/STM32F3xx_HAL_Driver/Src/stm32f3xx_hal_rcc.o
 .debug_line    0x0000801c      0xaab ./Drivers/STM32F3xx_HAL_Driver/Src/stm32f3xx_hal_rcc_ex.o
 .debug_line    0x00008ac7     0x2bd5 ./Drivers/STM32F3xx_HAL_Driver/Src/stm32f3xx_hal_uart.o
 .debug_line    0x0000b69c      0xb1a ./Drivers/STM32F3xx_HAL_Driver/Src/stm32f3xx_hal_uart_ex.o

.debug_str      0x00000000    0x977d8
 .debug_str     0x00000000    0x977d8 ./Core/Src/flash_islemleri.o
                              0x950ad (size before relaxing)
 .debug_str     0x000977d8    0x957eb ./Core/Src/main.o
 .debug_str     0x000977d8    0x95871 ./Core/Src/stm32f3xx_hal_msp.o
 .debug_str     0x000977d8    0x95507 ./Core/Src/stm32f3xx_it.o
 .debug_str     0x000977d8    0x950a9 ./Core/Src/system_stm32f3xx.o
 .debug_str     0x000977d8       0x69 ./Core/Startup/startup_stm32f303k8tx.o
 .debug_str     0x000977d8    0x95799 ./Drivers/STM32F3xx_HAL_Driver/Src/stm32f3xx_hal.o
 .debug_str     0x000977d8    0x956be ./Drivers/STM32F3xx_HAL_Driver/Src/stm32f3xx_hal_cortex.o
 .debug_str     0x000977d8    0x953f1 ./Drivers/STM32F3xx_HAL_Driver/Src/stm32f3xx_hal_dma.o
 .debug_str     0x000977d8    0x952f6 ./Drivers/STM32F3xx_HAL_Driver/Src/stm32f3xx_hal_flash.o
 .debug_str     0x000977d8    0x954d4 ./Drivers/STM32F3xx_HAL_Driver/Src/stm32f3xx_hal_flash_ex.o
 .debug_str     0x000977d8    0x95288 ./Drivers/STM32F3xx_HAL_Driver/Src/stm32f3xx_hal_gpio.o
 .debug_str     0x000977d8    0x95549 ./Drivers/STM32F3xx_HAL_Driver/Src/stm32f3xx_hal_rcc.o
 .debug_str     0x000977d8    0x95248 ./Drivers/STM32F3xx_HAL_Driver/Src/stm32f3xx_hal_rcc_ex.o
 .debug_str     0x000977d8    0x95dcc ./Drivers/STM32F3xx_HAL_Driver/Src/stm32f3xx_hal_uart.o
 .debug_str     0x000977d8    0x956d1 ./Drivers/STM32F3xx_HAL_Driver/Src/stm32f3xx_hal_uart_ex.o

.comment        0x00000000       0x43
 .comment       0x00000000       0x43 ./Core/Src/flash_islemleri.o
                                 0x44 (size before relaxing)
 .comment       0x00000043       0x44 ./Core/Src/main.o
 .comment       0x00000043       0x44 ./Core/Src/stm32f3xx_hal_msp.o
 .comment       0x00000043       0x44 ./Core/Src/stm32f3xx_it.o
 .comment       0x00000043       0x44 ./Core/Src/system_stm32f3xx.o
 .comment       0x00000043       0x44 ./Drivers/STM32F3xx_HAL_Driver/Src/stm32f3xx_hal.o
 .comment       0x00000043       0x44 ./Drivers/STM32F3xx_HAL_Driver/Src/stm32f3xx_hal_cortex.o
 .comment       0x00000043       0x44 ./Drivers/STM32F3xx_HAL_Driver/Src/stm32f3xx_hal_dma.o
 .comment       0x00000043       0x44 ./Drivers/STM32F3xx_HAL_Driver/Src/stm32f3xx_hal_flash.o
 .comment       0x00000043       0x44 ./Drivers/STM32F3xx_HAL_Driver/Src/stm32f3xx_hal_flash_ex.o
 .comment       0x00000043       0x44 ./Drivers/STM32F3xx_HAL_Driver/Src/stm32f3xx_hal_gpio.o
 .comment       0x00000043       0x44 ./Drivers/STM32F3xx_HAL_Driver/Src/stm32f3xx_hal_rcc.o
 .comment       0x00000043       0x44 ./Drivers/STM32F3xx_HAL_Driver/Src/stm32f3xx_hal_rcc_ex.o
 .comment       0x00000043       0x44 ./Drivers/STM32F3xx_HAL_Driver/Src/stm32f3xx_hal_uart.o
 .comment       0x00000043       0x44 ./Drivers/STM32F3xx_HAL_Driver/Src/stm32f3xx_hal_uart_ex.o

.debug_frame    0x00000000     0x1ef0
 .debug_frame   0x00000000       0x38 ./Core/Src/flash_islemleri.o
 .debug_frame   0x00000038       0xa8 ./Core/Src/main.o
 .debug_frame   0x000000e0       0x7c ./Core/Src/stm32f3xx_hal_msp.o
 .debug_frame   0x0000015c      0x114 ./Core/Src/stm32f3xx_it.o
 .debug_frame   0x00000270       0x50 ./Core/Src/system_stm32f3xx.o
 .debug_frame   0x000002c0      0x2e4 ./Drivers/STM32F3xx_HAL_Driver/Src/stm32f3xx_hal.o
 .debug_frame   0x000005a4      0x3f0 ./Drivers/STM32F3xx_HAL_Driver/Src/stm32f3xx_hal_cortex.o
 .debug_frame   0x00000994      0x208 ./Drivers/STM32F3xx_HAL_Driver/Src/stm32f3xx_hal_dma.o
 .debug_frame   0x00000b9c      0x1e8 ./Drivers/STM32F3xx_HAL_Driver/Src/stm32f3xx_hal_flash.o
 .debug_frame   0x00000d84      0x240 ./Drivers/STM32F3xx_HAL_Driver/Src/stm32f3xx_hal_flash_ex.o
 .debug_frame   0x00000fc4      0x130 ./Drivers/STM32F3xx_HAL_Driver/Src/stm32f3xx_hal_gpio.o
 .debug_frame   0x000010f4      0x1f8 ./Drivers/STM32F3xx_HAL_Driver/Src/stm32f3xx_hal_rcc.o
 .debug_frame   0x000012ec       0xa4 ./Drivers/STM32F3xx_HAL_Driver/Src/stm32f3xx_hal_rcc_ex.o
 .debug_frame   0x00001390      0x974 ./Drivers/STM32F3xx_HAL_Driver/Src/stm32f3xx_hal_uart.o
 .debug_frame   0x00001d04      0x1a0 ./Drivers/STM32F3xx_HAL_Driver/Src/stm32f3xx_hal_uart_ex.o
 .debug_frame   0x00001ea4       0x20 C:/ST/STM32CubeIDE_2.2.0/STM32CubeIDE/plugins/com.st.stm32cube.ide.mcu.externaltools.gnu-tools-for-stm32.14.3.rel1.win32_1.0.100.202602081740/tools/bin/../lib/gcc/arm-none-eabi/14.3.1/../../../../arm-none-eabi/lib/thumb/v7e-m+fp/hard\libc_nano.a(libc_a-memset.o)
 .debug_frame   0x00001ec4       0x2c C:/ST/STM32CubeIDE_2.2.0/STM32CubeIDE/plugins/com.st.stm32cube.ide.mcu.externaltools.gnu-tools-for-stm32.14.3.rel1.win32_1.0.100.202602081740/tools/bin/../lib/gcc/arm-none-eabi/14.3.1/../../../../arm-none-eabi/lib/thumb/v7e-m+fp/hard\libc_nano.a(libc_a-init.o)

.debug_line_str
                0x00000000       0x4d
 .debug_line_str
                0x00000000       0x4d ./Core/Startup/startup_stm32f303k8tx.o
